// Jest Snapshot v1, https://goo.gl/fbAQLP

exports[`TableFooter component shoud render with out crashing 1`] = `ShallowWrapper {}`;
