// Jest Snapshot v1, https://goo.gl/fbAQLP

exports[`TableRow component shoud render with out crashing 1`] = `ShallowWrapper {}`;
